2025-06-06 08:18:24,013 INFO BEGIN (implicit)
2025-06-06 08:18:24,014 INFO SELECT pg_catalog.pg_class.relname 
FROM pg_catalog.pg_class JOIN pg_catalog.pg_namespace ON pg_catalog.pg_namespace.oid = pg_catalog.pg_class.relnamespace 
WHERE pg_catalog.pg_class.relname = %(table_name)s::VARCHAR AND pg_catalog.pg_class.relkind = ANY (ARRAY[%(param_1)s::VARCHAR, %(param_2)s::VARCHAR, %(param_3)s::VARCHAR, %(param_4)s::VARCHAR, %(param_5)s::VARCHAR]) AND pg_catalog.pg_table_is_visible(pg_catalog.pg_class.oid) AND pg_catalog.pg_namespace.nspname != %(nspname_1)s::VARCHAR
2025-06-06 08:18:24,014 INFO [cached since 0.1824s ago] {'table_name': 'Profile', 'param_1': 'r', 'param_2': 'p', 'param_3': 'f', 'param_4': 'v', 'param_5': 'm', 'nspname_1': 'pg_catalog'}
2025-06-06 08:18:24,014 INFO SELECT pg_catalog.pg_class.relname 
FROM pg_catalog.pg_class JOIN pg_catalog.pg_namespace ON pg_catalog.pg_namespace.oid = pg_catalog.pg_class.relnamespace 
WHERE pg_catalog.pg_class.relname = %(table_name)s::VARCHAR AND pg_catalog.pg_class.relkind = ANY (ARRAY[%(param_1)s::VARCHAR, %(param_2)s::VARCHAR, %(param_3)s::VARCHAR, %(param_4)s::VARCHAR, %(param_5)s::VARCHAR]) AND pg_catalog.pg_table_is_visible(pg_catalog.pg_class.oid) AND pg_catalog.pg_namespace.nspname != %(nspname_1)s::VARCHAR
2025-06-06 08:18:24,014 INFO [cached since 0.1829s ago] {'table_name': 'user_tokens', 'param_1': 'r', 'param_2': 'p', 'param_3': 'f', 'param_4': 'v', 'param_5': 'm', 'nspname_1': 'pg_catalog'}
2025-06-06 08:18:24,014 INFO SELECT pg_catalog.pg_class.relname 
FROM pg_catalog.pg_class JOIN pg_catalog.pg_namespace ON pg_catalog.pg_namespace.oid = pg_catalog.pg_class.relnamespace 
WHERE pg_catalog.pg_class.relname = %(table_name)s::VARCHAR AND pg_catalog.pg_class.relkind = ANY (ARRAY[%(param_1)s::VARCHAR, %(param_2)s::VARCHAR, %(param_3)s::VARCHAR, %(param_4)s::VARCHAR, %(param_5)s::VARCHAR]) AND pg_catalog.pg_table_is_visible(pg_catalog.pg_class.oid) AND pg_catalog.pg_namespace.nspname != %(nspname_1)s::VARCHAR
2025-06-06 08:18:24,014 INFO [cached since 0.1833s ago] {'table_name': 'Additional_telephone', 'param_1': 'r', 'param_2': 'p', 'param_3': 'f', 'param_4': 'v', 'param_5': 'm', 'nspname_1': 'pg_catalog'}
2025-06-06 08:18:24,015 INFO SELECT pg_catalog.pg_class.relname 
FROM pg_catalog.pg_class JOIN pg_catalog.pg_namespace ON pg_catalog.pg_namespace.oid = pg_catalog.pg_class.relnamespace 
WHERE pg_catalog.pg_class.relname = %(table_name)s::VARCHAR AND pg_catalog.pg_class.relkind = ANY (ARRAY[%(param_1)s::VARCHAR, %(param_2)s::VARCHAR, %(param_3)s::VARCHAR, %(param_4)s::VARCHAR, %(param_5)s::VARCHAR]) AND pg_catalog.pg_table_is_visible(pg_catalog.pg_class.oid) AND pg_catalog.pg_namespace.nspname != %(nspname_1)s::VARCHAR
2025-06-06 08:18:24,015 INFO [cached since 0.1835s ago] {'table_name': 'organization', 'param_1': 'r', 'param_2': 'p', 'param_3': 'f', 'param_4': 'v', 'param_5': 'm', 'nspname_1': 'pg_catalog'}
2025-06-06 08:18:24,015 INFO SELECT pg_catalog.pg_class.relname 
FROM pg_catalog.pg_class JOIN pg_catalog.pg_namespace ON pg_catalog.pg_namespace.oid = pg_catalog.pg_class.relnamespace 
WHERE pg_catalog.pg_class.relname = %(table_name)s::VARCHAR AND pg_catalog.pg_class.relkind = ANY (ARRAY[%(param_1)s::VARCHAR, %(param_2)s::VARCHAR, %(param_3)s::VARCHAR, %(param_4)s::VARCHAR, %(param_5)s::VARCHAR]) AND pg_catalog.pg_table_is_visible(pg_catalog.pg_class.oid) AND pg_catalog.pg_namespace.nspname != %(nspname_1)s::VARCHAR
2025-06-06 08:18:24,015 INFO [cached since 0.1838s ago] {'table_name': 'adress', 'param_1': 'r', 'param_2': 'p', 'param_3': 'f', 'param_4': 'v', 'param_5': 'm', 'nspname_1': 'pg_catalog'}
2025-06-06 08:18:24,015 INFO SELECT pg_catalog.pg_class.relname 
FROM pg_catalog.pg_class JOIN pg_catalog.pg_namespace ON pg_catalog.pg_namespace.oid = pg_catalog.pg_class.relnamespace 
WHERE pg_catalog.pg_class.relname = %(table_name)s::VARCHAR AND pg_catalog.pg_class.relkind = ANY (ARRAY[%(param_1)s::VARCHAR, %(param_2)s::VARCHAR, %(param_3)s::VARCHAR, %(param_4)s::VARCHAR, %(param_5)s::VARCHAR]) AND pg_catalog.pg_table_is_visible(pg_catalog.pg_class.oid) AND pg_catalog.pg_namespace.nspname != %(nspname_1)s::VARCHAR
2025-06-06 08:18:24,015 INFO [cached since 0.1841s ago] {'table_name': 'Categories', 'param_1': 'r', 'param_2': 'p', 'param_3': 'f', 'param_4': 'v', 'param_5': 'm', 'nspname_1': 'pg_catalog'}
2025-06-06 08:18:24,015 INFO SELECT pg_catalog.pg_class.relname 
FROM pg_catalog.pg_class JOIN pg_catalog.pg_namespace ON pg_catalog.pg_namespace.oid = pg_catalog.pg_class.relnamespace 
WHERE pg_catalog.pg_class.relname = %(table_name)s::VARCHAR AND pg_catalog.pg_class.relkind = ANY (ARRAY[%(param_1)s::VARCHAR, %(param_2)s::VARCHAR, %(param_3)s::VARCHAR, %(param_4)s::VARCHAR, %(param_5)s::VARCHAR]) AND pg_catalog.pg_table_is_visible(pg_catalog.pg_class.oid) AND pg_catalog.pg_namespace.nspname != %(nspname_1)s::VARCHAR
2025-06-06 08:18:24,016 INFO [cached since 0.1844s ago] {'table_name': 'Action', 'param_1': 'r', 'param_2': 'p', 'param_3': 'f', 'param_4': 'v', 'param_5': 'm', 'nspname_1': 'pg_catalog'}
2025-06-06 08:18:24,016 INFO SELECT pg_catalog.pg_class.relname 
FROM pg_catalog.pg_class JOIN pg_catalog.pg_namespace ON pg_catalog.pg_namespace.oid = pg_catalog.pg_class.relnamespace 
WHERE pg_catalog.pg_class.relname = %(table_name)s::VARCHAR AND pg_catalog.pg_class.relkind = ANY (ARRAY[%(param_1)s::VARCHAR, %(param_2)s::VARCHAR, %(param_3)s::VARCHAR, %(param_4)s::VARCHAR, %(param_5)s::VARCHAR]) AND pg_catalog.pg_table_is_visible(pg_catalog.pg_class.oid) AND pg_catalog.pg_namespace.nspname != %(nspname_1)s::VARCHAR
2025-06-06 08:18:24,016 INFO [cached since 0.1846s ago] {'table_name': 'Product', 'param_1': 'r', 'param_2': 'p', 'param_3': 'f', 'param_4': 'v', 'param_5': 'm', 'nspname_1': 'pg_catalog'}
2025-06-06 08:18:24,016 INFO SELECT pg_catalog.pg_class.relname 
FROM pg_catalog.pg_class JOIN pg_catalog.pg_namespace ON pg_catalog.pg_namespace.oid = pg_catalog.pg_class.relnamespace 
WHERE pg_catalog.pg_class.relname = %(table_name)s::VARCHAR AND pg_catalog.pg_class.relkind = ANY (ARRAY[%(param_1)s::VARCHAR, %(param_2)s::VARCHAR, %(param_3)s::VARCHAR, %(param_4)s::VARCHAR, %(param_5)s::VARCHAR]) AND pg_catalog.pg_table_is_visible(pg_catalog.pg_class.oid) AND pg_catalog.pg_namespace.nspname != %(nspname_1)s::VARCHAR
2025-06-06 08:18:24,016 INFO [cached since 0.1848s ago] {'table_name': 'Gfields', 'param_1': 'r', 'param_2': 'p', 'param_3': 'f', 'param_4': 'v', 'param_5': 'm', 'nspname_1': 'pg_catalog'}
2025-06-06 08:18:24,016 INFO SELECT pg_catalog.pg_class.relname 
FROM pg_catalog.pg_class JOIN pg_catalog.pg_namespace ON pg_catalog.pg_namespace.oid = pg_catalog.pg_class.relnamespace 
WHERE pg_catalog.pg_class.relname = %(table_name)s::VARCHAR AND pg_catalog.pg_class.relkind = ANY (ARRAY[%(param_1)s::VARCHAR, %(param_2)s::VARCHAR, %(param_3)s::VARCHAR, %(param_4)s::VARCHAR, %(param_5)s::VARCHAR]) AND pg_catalog.pg_table_is_visible(pg_catalog.pg_class.oid) AND pg_catalog.pg_namespace.nspname != %(nspname_1)s::VARCHAR
2025-06-06 08:18:24,016 INFO [cached since 0.1851s ago] {'table_name': 'Entity', 'param_1': 'r', 'param_2': 'p', 'param_3': 'f', 'param_4': 'v', 'param_5': 'm', 'nspname_1': 'pg_catalog'}
2025-06-06 08:18:24,016 INFO SELECT pg_catalog.pg_class.relname 
FROM pg_catalog.pg_class JOIN pg_catalog.pg_namespace ON pg_catalog.pg_namespace.oid = pg_catalog.pg_class.relnamespace 
WHERE pg_catalog.pg_class.relname = %(table_name)s::VARCHAR AND pg_catalog.pg_class.relkind = ANY (ARRAY[%(param_1)s::VARCHAR, %(param_2)s::VARCHAR, %(param_3)s::VARCHAR, %(param_4)s::VARCHAR, %(param_5)s::VARCHAR]) AND pg_catalog.pg_table_is_visible(pg_catalog.pg_class.oid) AND pg_catalog.pg_namespace.nspname != %(nspname_1)s::VARCHAR
2025-06-06 08:18:24,017 INFO [cached since 0.1854s ago] {'table_name': 'User_basket', 'param_1': 'r', 'param_2': 'p', 'param_3': 'f', 'param_4': 'v', 'param_5': 'm', 'nspname_1': 'pg_catalog'}
2025-06-06 08:18:24,017 INFO SELECT pg_catalog.pg_class.relname 
FROM pg_catalog.pg_class JOIN pg_catalog.pg_namespace ON pg_catalog.pg_namespace.oid = pg_catalog.pg_class.relnamespace 
WHERE pg_catalog.pg_class.relname = %(table_name)s::VARCHAR AND pg_catalog.pg_class.relkind = ANY (ARRAY[%(param_1)s::VARCHAR, %(param_2)s::VARCHAR, %(param_3)s::VARCHAR, %(param_4)s::VARCHAR, %(param_5)s::VARCHAR]) AND pg_catalog.pg_table_is_visible(pg_catalog.pg_class.oid) AND pg_catalog.pg_namespace.nspname != %(nspname_1)s::VARCHAR
2025-06-06 08:18:24,017 INFO [cached since 0.1856s ago] {'table_name': 'Reviews', 'param_1': 'r', 'param_2': 'p', 'param_3': 'f', 'param_4': 'v', 'param_5': 'm', 'nspname_1': 'pg_catalog'}
2025-06-06 08:18:24,017 INFO SELECT pg_catalog.pg_class.relname 
FROM pg_catalog.pg_class JOIN pg_catalog.pg_namespace ON pg_catalog.pg_namespace.oid = pg_catalog.pg_class.relnamespace 
WHERE pg_catalog.pg_class.relname = %(table_name)s::VARCHAR AND pg_catalog.pg_class.relkind = ANY (ARRAY[%(param_1)s::VARCHAR, %(param_2)s::VARCHAR, %(param_3)s::VARCHAR, %(param_4)s::VARCHAR, %(param_5)s::VARCHAR]) AND pg_catalog.pg_table_is_visible(pg_catalog.pg_class.oid) AND pg_catalog.pg_namespace.nspname != %(nspname_1)s::VARCHAR
2025-06-06 08:18:24,017 INFO [cached since 0.1859s ago] {'table_name': 'Types', 'param_1': 'r', 'param_2': 'p', 'param_3': 'f', 'param_4': 'v', 'param_5': 'm', 'nspname_1': 'pg_catalog'}
2025-06-06 08:18:24,017 INFO SELECT pg_catalog.pg_class.relname 
FROM pg_catalog.pg_class JOIN pg_catalog.pg_namespace ON pg_catalog.pg_namespace.oid = pg_catalog.pg_class.relnamespace 
WHERE pg_catalog.pg_class.relname = %(table_name)s::VARCHAR AND pg_catalog.pg_class.relkind = ANY (ARRAY[%(param_1)s::VARCHAR, %(param_2)s::VARCHAR, %(param_3)s::VARCHAR, %(param_4)s::VARCHAR, %(param_5)s::VARCHAR]) AND pg_catalog.pg_table_is_visible(pg_catalog.pg_class.oid) AND pg_catalog.pg_namespace.nspname != %(nspname_1)s::VARCHAR
2025-06-06 08:18:24,017 INFO [cached since 0.1861s ago] {'table_name': 'Order', 'param_1': 'r', 'param_2': 'p', 'param_3': 'f', 'param_4': 'v', 'param_5': 'm', 'nspname_1': 'pg_catalog'}
2025-06-06 08:18:24,017 INFO SELECT pg_catalog.pg_class.relname 
FROM pg_catalog.pg_class JOIN pg_catalog.pg_namespace ON pg_catalog.pg_namespace.oid = pg_catalog.pg_class.relnamespace 
WHERE pg_catalog.pg_class.relname = %(table_name)s::VARCHAR AND pg_catalog.pg_class.relkind = ANY (ARRAY[%(param_1)s::VARCHAR, %(param_2)s::VARCHAR, %(param_3)s::VARCHAR, %(param_4)s::VARCHAR, %(param_5)s::VARCHAR]) AND pg_catalog.pg_table_is_visible(pg_catalog.pg_class.oid) AND pg_catalog.pg_namespace.nspname != %(nspname_1)s::VARCHAR
2025-06-06 08:18:24,017 INFO [cached since 0.1863s ago] {'table_name': 'Order_processor', 'param_1': 'r', 'param_2': 'p', 'param_3': 'f', 'param_4': 'v', 'param_5': 'm', 'nspname_1': 'pg_catalog'}
2025-06-06 08:18:24,018 INFO 
DROP TABLE "Order_processor"
2025-06-06 08:18:24,018 INFO [no key 0.00007s] {}
2025-06-06 08:18:24,018 INFO 
DROP TABLE "Order"
2025-06-06 08:18:24,019 INFO [no key 0.00012s] {}
2025-06-06 08:18:24,019 INFO 
DROP TABLE "Types"
2025-06-06 08:18:24,019 INFO [no key 0.00007s] {}
2025-06-06 08:18:24,020 INFO 
DROP TABLE "Reviews"
2025-06-06 08:18:24,020 INFO [no key 0.00008s] {}
2025-06-06 08:18:24,020 INFO 
DROP TABLE "User_basket"
2025-06-06 08:18:24,020 INFO [no key 0.00009s] {}
2025-06-06 08:18:24,021 INFO 
DROP TABLE "Entity"
2025-06-06 08:18:24,021 INFO [no key 0.00011s] {}
2025-06-06 08:18:24,022 INFO 
DROP TABLE "Product"
2025-06-06 08:18:24,022 INFO [no key 0.00008s] {}
2025-06-06 08:18:24,022 INFO 
DROP TABLE adress
2025-06-06 08:18:24,022 INFO [no key 0.00009s] {}
2025-06-06 08:18:24,023 INFO 
DROP TABLE organization
2025-06-06 08:18:24,023 INFO [no key 0.00006s] {}
2025-06-06 08:18:24,023 INFO 
DROP TABLE "Additional_telephone"
2025-06-06 08:18:24,023 INFO [no key 0.00009s] {}
2025-06-06 08:18:24,024 INFO 
DROP TABLE user_tokens
2025-06-06 08:18:24,025 INFO [no key 0.00013s] {}
2025-06-06 08:18:24,025 INFO 
DROP TABLE "Gfields"
2025-06-06 08:18:24,025 INFO [no key 0.00008s] {}
2025-06-06 08:18:24,026 INFO 
DROP TABLE "Action"
2025-06-06 08:18:24,026 INFO [no key 0.00007s] {}
2025-06-06 08:18:24,026 INFO 
DROP TABLE "Categories"
2025-06-06 08:18:24,026 INFO [no key 0.00009s] {}
2025-06-06 08:18:24,026 INFO 
DROP TABLE "Profile"
2025-06-06 08:18:24,026 INFO [no key 0.00008s] {}
2025-06-06 08:18:24,027 INFO COMMIT
2025-06-06 08:18:24,029 INFO BEGIN (implicit)
2025-06-06 08:18:24,029 INFO SELECT pg_catalog.pg_class.relname 
FROM pg_catalog.pg_class JOIN pg_catalog.pg_namespace ON pg_catalog.pg_namespace.oid = pg_catalog.pg_class.relnamespace 
WHERE pg_catalog.pg_class.relname = %(table_name)s::VARCHAR AND pg_catalog.pg_class.relkind = ANY (ARRAY[%(param_1)s::VARCHAR, %(param_2)s::VARCHAR, %(param_3)s::VARCHAR, %(param_4)s::VARCHAR, %(param_5)s::VARCHAR]) AND pg_catalog.pg_table_is_visible(pg_catalog.pg_class.oid) AND pg_catalog.pg_namespace.nspname != %(nspname_1)s::VARCHAR
2025-06-06 08:18:24,029 INFO [cached since 0.198s ago] {'table_name': 'Profile', 'param_1': 'r', 'param_2': 'p', 'param_3': 'f', 'param_4': 'v', 'param_5': 'm', 'nspname_1': 'pg_catalog'}
2025-06-06 08:18:24,030 INFO SELECT pg_catalog.pg_class.relname 
FROM pg_catalog.pg_class JOIN pg_catalog.pg_namespace ON pg_catalog.pg_namespace.oid = pg_catalog.pg_class.relnamespace 
WHERE pg_catalog.pg_class.relname = %(table_name)s::VARCHAR AND pg_catalog.pg_class.relkind = ANY (ARRAY[%(param_1)s::VARCHAR, %(param_2)s::VARCHAR, %(param_3)s::VARCHAR, %(param_4)s::VARCHAR, %(param_5)s::VARCHAR]) AND pg_catalog.pg_table_is_visible(pg_catalog.pg_class.oid) AND pg_catalog.pg_namespace.nspname != %(nspname_1)s::VARCHAR
2025-06-06 08:18:24,030 INFO [cached since 0.1986s ago] {'table_name': 'user_tokens', 'param_1': 'r', 'param_2': 'p', 'param_3': 'f', 'param_4': 'v', 'param_5': 'm', 'nspname_1': 'pg_catalog'}
2025-06-06 08:18:24,030 INFO SELECT pg_catalog.pg_class.relname 
FROM pg_catalog.pg_class JOIN pg_catalog.pg_namespace ON pg_catalog.pg_namespace.oid = pg_catalog.pg_class.relnamespace 
WHERE pg_catalog.pg_class.relname = %(table_name)s::VARCHAR AND pg_catalog.pg_class.relkind = ANY (ARRAY[%(param_1)s::VARCHAR, %(param_2)s::VARCHAR, %(param_3)s::VARCHAR, %(param_4)s::VARCHAR, %(param_5)s::VARCHAR]) AND pg_catalog.pg_table_is_visible(pg_catalog.pg_class.oid) AND pg_catalog.pg_namespace.nspname != %(nspname_1)s::VARCHAR
2025-06-06 08:18:24,030 INFO [cached since 0.1989s ago] {'table_name': 'Additional_telephone', 'param_1': 'r', 'param_2': 'p', 'param_3': 'f', 'param_4': 'v', 'param_5': 'm', 'nspname_1': 'pg_catalog'}
2025-06-06 08:18:24,030 INFO SELECT pg_catalog.pg_class.relname 
FROM pg_catalog.pg_class JOIN pg_catalog.pg_namespace ON pg_catalog.pg_namespace.oid = pg_catalog.pg_class.relnamespace 
WHERE pg_catalog.pg_class.relname = %(table_name)s::VARCHAR AND pg_catalog.pg_class.relkind = ANY (ARRAY[%(param_1)s::VARCHAR, %(param_2)s::VARCHAR, %(param_3)s::VARCHAR, %(param_4)s::VARCHAR, %(param_5)s::VARCHAR]) AND pg_catalog.pg_table_is_visible(pg_catalog.pg_class.oid) AND pg_catalog.pg_namespace.nspname != %(nspname_1)s::VARCHAR
2025-06-06 08:18:24,031 INFO [cached since 0.1994s ago] {'table_name': 'organization', 'param_1': 'r', 'param_2': 'p', 'param_3': 'f', 'param_4': 'v', 'param_5': 'm', 'nspname_1': 'pg_catalog'}
2025-06-06 08:18:24,031 INFO SELECT pg_catalog.pg_class.relname 
FROM pg_catalog.pg_class JOIN pg_catalog.pg_namespace ON pg_catalog.pg_namespace.oid = pg_catalog.pg_class.relnamespace 
WHERE pg_catalog.pg_class.relname = %(table_name)s::VARCHAR AND pg_catalog.pg_class.relkind = ANY (ARRAY[%(param_1)s::VARCHAR, %(param_2)s::VARCHAR, %(param_3)s::VARCHAR, %(param_4)s::VARCHAR, %(param_5)s::VARCHAR]) AND pg_catalog.pg_table_is_visible(pg_catalog.pg_class.oid) AND pg_catalog.pg_namespace.nspname != %(nspname_1)s::VARCHAR
2025-06-06 08:18:24,031 INFO [cached since 0.1997s ago] {'table_name': 'adress', 'param_1': 'r', 'param_2': 'p', 'param_3': 'f', 'param_4': 'v', 'param_5': 'm', 'nspname_1': 'pg_catalog'}
2025-06-06 08:18:24,031 INFO SELECT pg_catalog.pg_class.relname 
FROM pg_catalog.pg_class JOIN pg_catalog.pg_namespace ON pg_catalog.pg_namespace.oid = pg_catalog.pg_class.relnamespace 
WHERE pg_catalog.pg_class.relname = %(table_name)s::VARCHAR AND pg_catalog.pg_class.relkind = ANY (ARRAY[%(param_1)s::VARCHAR, %(param_2)s::VARCHAR, %(param_3)s::VARCHAR, %(param_4)s::VARCHAR, %(param_5)s::VARCHAR]) AND pg_catalog.pg_table_is_visible(pg_catalog.pg_class.oid) AND pg_catalog.pg_namespace.nspname != %(nspname_1)s::VARCHAR
2025-06-06 08:18:24,031 INFO [cached since 0.2002s ago] {'table_name': 'Categories', 'param_1': 'r', 'param_2': 'p', 'param_3': 'f', 'param_4': 'v', 'param_5': 'm', 'nspname_1': 'pg_catalog'}
2025-06-06 08:18:24,032 INFO SELECT pg_catalog.pg_class.relname 
FROM pg_catalog.pg_class JOIN pg_catalog.pg_namespace ON pg_catalog.pg_namespace.oid = pg_catalog.pg_class.relnamespace 
WHERE pg_catalog.pg_class.relname = %(table_name)s::VARCHAR AND pg_catalog.pg_class.relkind = ANY (ARRAY[%(param_1)s::VARCHAR, %(param_2)s::VARCHAR, %(param_3)s::VARCHAR, %(param_4)s::VARCHAR, %(param_5)s::VARCHAR]) AND pg_catalog.pg_table_is_visible(pg_catalog.pg_class.oid) AND pg_catalog.pg_namespace.nspname != %(nspname_1)s::VARCHAR
2025-06-06 08:18:24,032 INFO [cached since 0.2006s ago] {'table_name': 'Action', 'param_1': 'r', 'param_2': 'p', 'param_3': 'f', 'param_4': 'v', 'param_5': 'm', 'nspname_1': 'pg_catalog'}
2025-06-06 08:18:24,032 INFO SELECT pg_catalog.pg_class.relname 
FROM pg_catalog.pg_class JOIN pg_catalog.pg_namespace ON pg_catalog.pg_namespace.oid = pg_catalog.pg_class.relnamespace 
WHERE pg_catalog.pg_class.relname = %(table_name)s::VARCHAR AND pg_catalog.pg_class.relkind = ANY (ARRAY[%(param_1)s::VARCHAR, %(param_2)s::VARCHAR, %(param_3)s::VARCHAR, %(param_4)s::VARCHAR, %(param_5)s::VARCHAR]) AND pg_catalog.pg_table_is_visible(pg_catalog.pg_class.oid) AND pg_catalog.pg_namespace.nspname != %(nspname_1)s::VARCHAR
2025-06-06 08:18:24,032 INFO [cached since 0.201s ago] {'table_name': 'Product', 'param_1': 'r', 'param_2': 'p', 'param_3': 'f', 'param_4': 'v', 'param_5': 'm', 'nspname_1': 'pg_catalog'}
2025-06-06 08:18:24,032 INFO SELECT pg_catalog.pg_class.relname 
FROM pg_catalog.pg_class JOIN pg_catalog.pg_namespace ON pg_catalog.pg_namespace.oid = pg_catalog.pg_class.relnamespace 
WHERE pg_catalog.pg_class.relname = %(table_name)s::VARCHAR AND pg_catalog.pg_class.relkind = ANY (ARRAY[%(param_1)s::VARCHAR, %(param_2)s::VARCHAR, %(param_3)s::VARCHAR, %(param_4)s::VARCHAR, %(param_5)s::VARCHAR]) AND pg_catalog.pg_table_is_visible(pg_catalog.pg_class.oid) AND pg_catalog.pg_namespace.nspname != %(nspname_1)s::VARCHAR
2025-06-06 08:18:24,032 INFO [cached since 0.2013s ago] {'table_name': 'Gfields', 'param_1': 'r', 'param_2': 'p', 'param_3': 'f', 'param_4': 'v', 'param_5': 'm', 'nspname_1': 'pg_catalog'}
2025-06-06 08:18:24,033 INFO SELECT pg_catalog.pg_class.relname 
FROM pg_catalog.pg_class JOIN pg_catalog.pg_namespace ON pg_catalog.pg_namespace.oid = pg_catalog.pg_class.relnamespace 
WHERE pg_catalog.pg_class.relname = %(table_name)s::VARCHAR AND pg_catalog.pg_class.relkind = ANY (ARRAY[%(param_1)s::VARCHAR, %(param_2)s::VARCHAR, %(param_3)s::VARCHAR, %(param_4)s::VARCHAR, %(param_5)s::VARCHAR]) AND pg_catalog.pg_table_is_visible(pg_catalog.pg_class.oid) AND pg_catalog.pg_namespace.nspname != %(nspname_1)s::VARCHAR
2025-06-06 08:18:24,033 INFO [cached since 0.2016s ago] {'table_name': 'Entity', 'param_1': 'r', 'param_2': 'p', 'param_3': 'f', 'param_4': 'v', 'param_5': 'm', 'nspname_1': 'pg_catalog'}
2025-06-06 08:18:24,033 INFO SELECT pg_catalog.pg_class.relname 
FROM pg_catalog.pg_class JOIN pg_catalog.pg_namespace ON pg_catalog.pg_namespace.oid = pg_catalog.pg_class.relnamespace 
WHERE pg_catalog.pg_class.relname = %(table_name)s::VARCHAR AND pg_catalog.pg_class.relkind = ANY (ARRAY[%(param_1)s::VARCHAR, %(param_2)s::VARCHAR, %(param_3)s::VARCHAR, %(param_4)s::VARCHAR, %(param_5)s::VARCHAR]) AND pg_catalog.pg_table_is_visible(pg_catalog.pg_class.oid) AND pg_catalog.pg_namespace.nspname != %(nspname_1)s::VARCHAR
2025-06-06 08:18:24,033 INFO [cached since 0.2019s ago] {'table_name': 'User_basket', 'param_1': 'r', 'param_2': 'p', 'param_3': 'f', 'param_4': 'v', 'param_5': 'm', 'nspname_1': 'pg_catalog'}
2025-06-06 08:18:24,033 INFO SELECT pg_catalog.pg_class.relname 
FROM pg_catalog.pg_class JOIN pg_catalog.pg_namespace ON pg_catalog.pg_namespace.oid = pg_catalog.pg_class.relnamespace 
WHERE pg_catalog.pg_class.relname = %(table_name)s::VARCHAR AND pg_catalog.pg_class.relkind = ANY (ARRAY[%(param_1)s::VARCHAR, %(param_2)s::VARCHAR, %(param_3)s::VARCHAR, %(param_4)s::VARCHAR, %(param_5)s::VARCHAR]) AND pg_catalog.pg_table_is_visible(pg_catalog.pg_class.oid) AND pg_catalog.pg_namespace.nspname != %(nspname_1)s::VARCHAR
2025-06-06 08:18:24,033 INFO [cached since 0.2023s ago] {'table_name': 'Reviews', 'param_1': 'r', 'param_2': 'p', 'param_3': 'f', 'param_4': 'v', 'param_5': 'm', 'nspname_1': 'pg_catalog'}
2025-06-06 08:18:24,034 INFO SELECT pg_catalog.pg_class.relname 
FROM pg_catalog.pg_class JOIN pg_catalog.pg_namespace ON pg_catalog.pg_namespace.oid = pg_catalog.pg_class.relnamespace 
WHERE pg_catalog.pg_class.relname = %(table_name)s::VARCHAR AND pg_catalog.pg_class.relkind = ANY (ARRAY[%(param_1)s::VARCHAR, %(param_2)s::VARCHAR, %(param_3)s::VARCHAR, %(param_4)s::VARCHAR, %(param_5)s::VARCHAR]) AND pg_catalog.pg_table_is_visible(pg_catalog.pg_class.oid) AND pg_catalog.pg_namespace.nspname != %(nspname_1)s::VARCHAR
2025-06-06 08:18:24,034 INFO [cached since 0.2026s ago] {'table_name': 'Types', 'param_1': 'r', 'param_2': 'p', 'param_3': 'f', 'param_4': 'v', 'param_5': 'm', 'nspname_1': 'pg_catalog'}
2025-06-06 08:18:24,034 INFO SELECT pg_catalog.pg_class.relname 
FROM pg_catalog.pg_class JOIN pg_catalog.pg_namespace ON pg_catalog.pg_namespace.oid = pg_catalog.pg_class.relnamespace 
WHERE pg_catalog.pg_class.relname = %(table_name)s::VARCHAR AND pg_catalog.pg_class.relkind = ANY (ARRAY[%(param_1)s::VARCHAR, %(param_2)s::VARCHAR, %(param_3)s::VARCHAR, %(param_4)s::VARCHAR, %(param_5)s::VARCHAR]) AND pg_catalog.pg_table_is_visible(pg_catalog.pg_class.oid) AND pg_catalog.pg_namespace.nspname != %(nspname_1)s::VARCHAR
2025-06-06 08:18:24,034 INFO [cached since 0.2028s ago] {'table_name': 'Order', 'param_1': 'r', 'param_2': 'p', 'param_3': 'f', 'param_4': 'v', 'param_5': 'm', 'nspname_1': 'pg_catalog'}
2025-06-06 08:18:24,034 INFO SELECT pg_catalog.pg_class.relname 
FROM pg_catalog.pg_class JOIN pg_catalog.pg_namespace ON pg_catalog.pg_namespace.oid = pg_catalog.pg_class.relnamespace 
WHERE pg_catalog.pg_class.relname = %(table_name)s::VARCHAR AND pg_catalog.pg_class.relkind = ANY (ARRAY[%(param_1)s::VARCHAR, %(param_2)s::VARCHAR, %(param_3)s::VARCHAR, %(param_4)s::VARCHAR, %(param_5)s::VARCHAR]) AND pg_catalog.pg_table_is_visible(pg_catalog.pg_class.oid) AND pg_catalog.pg_namespace.nspname != %(nspname_1)s::VARCHAR
2025-06-06 08:18:24,034 INFO [cached since 0.2031s ago] {'table_name': 'Order_processor', 'param_1': 'r', 'param_2': 'p', 'param_3': 'f', 'param_4': 'v', 'param_5': 'm', 'nspname_1': 'pg_catalog'}
2025-06-06 08:18:24,035 INFO 
CREATE TABLE "Profile" (
	id_profile SERIAL NOT NULL, 
	date_created TIMESTAMP WITHOUT TIME ZONE DEFAULT TIMEZONE('utc', now()) NOT NULL, 
	date_update TIMESTAMP WITHOUT TIME ZONE DEFAULT TIMEZONE('utc', now()) NOT NULL, 
	mail VARCHAR NOT NULL, 
	phone VARCHAR, 
	name VARCHAR, 
	password VARCHAR NOT NULL, 
	birthday VARCHAR, 
	gender VARCHAR, 
	bonus INTEGER NOT NULL, 
	PRIMARY KEY (id_profile)
)


2025-06-06 08:18:24,035 INFO [no key 0.00008s] {}
2025-06-06 08:18:24,039 INFO 
CREATE TABLE "Categories" (
	id_categories SERIAL NOT NULL, 
	name_categories VARCHAR(50) NOT NULL, 
	id_parent INTEGER, 
	PRIMARY KEY (id_categories)
)


2025-06-06 08:18:24,039 INFO [no key 0.00014s] {}
2025-06-06 08:18:24,043 INFO 
CREATE TABLE "Action" (
	id_action SERIAL NOT NULL, 
	action VARCHAR(50) NOT NULL, 
	discount INTEGER NOT NULL, 
	PRIMARY KEY (id_action)
)


2025-06-06 08:18:24,044 INFO [no key 0.00030s] {}
2025-06-06 08:18:24,065 INFO 
CREATE TABLE "Gfields" (
	id_gfields SERIAL NOT NULL, 
	name_gfields VARCHAR(50) NOT NULL, 
	PRIMARY KEY (id_gfields)
)


2025-06-06 08:18:24,065 INFO [no key 0.00016s] {}
2025-06-06 08:18:24,067 INFO 
CREATE TABLE user_tokens (
	id_token SERIAL NOT NULL, 
	id_profile INTEGER NOT NULL, 
	access_token VARCHAR(512) NOT NULL, 
	refresh_token VARCHAR(512) NOT NULL, 
	expires_at TIMESTAMP WITHOUT TIME ZONE NOT NULL, 
	created_at TIMESTAMP WITHOUT TIME ZONE DEFAULT TIMEZONE('utc', now()) NOT NULL, 
	PRIMARY KEY (id_token), 
	FOREIGN KEY(id_profile) REFERENCES "Profile" (id_profile) ON DELETE CASCADE, 
	UNIQUE (access_token), 
	UNIQUE (refresh_token)
)


2025-06-06 08:18:24,067 INFO [no key 0.00014s] {}
2025-06-06 08:18:24,071 INFO 
CREATE TABLE "Additional_telephone" (
	id_add_teleph SERIAL NOT NULL, 
	id_profile INTEGER NOT NULL, 
	telephone VARCHAR NOT NULL, 
	PRIMARY KEY (id_add_teleph), 
	FOREIGN KEY(id_profile) REFERENCES "Profile" (id_profile) ON DELETE CASCADE
)


2025-06-06 08:18:24,071 INFO [no key 0.00014s] {}
2025-06-06 08:18:24,073 INFO 
CREATE TABLE organization (
	id_organization SERIAL NOT NULL, 
	id_profile INTEGER NOT NULL, 
	organization VARCHAR NOT NULL, 
	PRIMARY KEY (id_organization), 
	FOREIGN KEY(id_profile) REFERENCES "Profile" (id_profile) ON DELETE CASCADE
)


2025-06-06 08:18:24,073 INFO [no key 0.00010s] {}
2025-06-06 08:18:24,076 INFO 
CREATE TABLE adress (
	id_adress SERIAL NOT NULL, 
	id_profile INTEGER NOT NULL, 
	adress VARCHAR NOT NULL, 
	PRIMARY KEY (id_adress), 
	FOREIGN KEY(id_profile) REFERENCES "Profile" (id_profile) ON DELETE CASCADE
)


2025-06-06 08:18:24,076 INFO [no key 0.00009s] {}
2025-06-06 08:18:24,078 INFO 
CREATE TABLE "Product" (
	id_product SERIAL NOT NULL, 
	action_id INTEGER NOT NULL, 
	categories_id INTEGER NOT NULL, 
	date_created TIMESTAMP WITHOUT TIME ZONE DEFAULT TIMEZONE('utc', now()) NOT NULL, 
	date_update TIMESTAMP WITHOUT TIME ZONE DEFAULT TIMEZONE('utc', now()) NOT NULL, 
	name_product VARCHAR NOT NULL, 
	brand VARCHAR(50), 
	price INTEGER NOT NULL, 
	quantity_in_stock INTEGER NOT NULL, 
	rating INTEGER NOT NULL, 
	status VARCHAR(25), 
	img VARCHAR, 
	PRIMARY KEY (id_product), 
	FOREIGN KEY(action_id) REFERENCES "Action" (id_action), 
	FOREIGN KEY(categories_id) REFERENCES "Categories" (id_categories)
)


2025-06-06 08:18:24,078 INFO [no key 0.00009s] {}
2025-06-06 08:18:24,084 INFO 
CREATE TABLE "Entity" (
	id_product INTEGER NOT NULL, 
	id_gfields INTEGER NOT NULL, 
	cost_har VARCHAR(350) NOT NULL, 
	PRIMARY KEY (id_product, id_gfields), 
	FOREIGN KEY(id_product) REFERENCES "Product" (id_product) ON DELETE CASCADE, 
	FOREIGN KEY(id_gfields) REFERENCES "Gfields" (id_gfields) ON DELETE CASCADE
)


2025-06-06 08:18:24,084 INFO [no key 0.00008s] {}
2025-06-06 08:18:24,086 INFO 
CREATE TABLE "User_basket" (
	id_us_storage SERIAL NOT NULL, 
	id_profile INTEGER NOT NULL, 
	id_product INTEGER NOT NULL, 
	count INTEGER NOT NULL, 
	PRIMARY KEY (id_us_storage), 
	FOREIGN KEY(id_profile) REFERENCES "Profile" (id_profile) ON DELETE CASCADE, 
	FOREIGN KEY(id_product) REFERENCES "Product" (id_product) ON DELETE CASCADE
)


2025-06-06 08:18:24,086 INFO [no key 0.00009s] {}
2025-06-06 08:18:24,087 INFO 
CREATE TABLE "Reviews" (
	id_reviews SERIAL NOT NULL, 
	profile_id INTEGER NOT NULL, 
	product_id INTEGER NOT NULL, 
	date_created TIMESTAMP WITHOUT TIME ZONE DEFAULT TIMEZONE('utc', now()) NOT NULL, 
	date_update TIMESTAMP WITHOUT TIME ZONE DEFAULT TIMEZONE('utc', now()) NOT NULL, 
	reviews VARCHAR(150) NOT NULL, 
	"like" INTEGER NOT NULL, 
	dislike INTEGER NOT NULL, 
	PRIMARY KEY (id_reviews), 
	FOREIGN KEY(profile_id) REFERENCES "Profile" (id_profile) ON DELETE CASCADE, 
	FOREIGN KEY(product_id) REFERENCES "Product" (id_product) ON DELETE CASCADE
)


2025-06-06 08:18:24,087 INFO [no key 0.00011s] {}
2025-06-06 08:18:24,089 INFO 
CREATE TABLE "Types" (
	id_action SERIAL NOT NULL, 
	profile_id INTEGER NOT NULL, 
	product_id INTEGER NOT NULL, 
	date_created TIMESTAMP WITHOUT TIME ZONE DEFAULT TIMEZONE('utc', now()) NOT NULL, 
	date_update TIMESTAMP WITHOUT TIME ZONE DEFAULT TIMEZONE('utc', now()) NOT NULL, 
	action VARCHAR(50) NOT NULL, 
	PRIMARY KEY (id_action), 
	FOREIGN KEY(profile_id) REFERENCES "Profile" (id_profile) ON DELETE CASCADE, 
	FOREIGN KEY(product_id) REFERENCES "Product" (id_product) ON DELETE CASCADE
)


2025-06-06 08:18:24,089 INFO [no key 0.00009s] {}
2025-06-06 08:18:24,090 INFO 
CREATE TABLE "Order" (
	id_order SERIAL NOT NULL, 
	id_product INTEGER NOT NULL, 
	id_profile INTEGER NOT NULL, 
	count INTEGER NOT NULL, 
	PRIMARY KEY (id_order), 
	FOREIGN KEY(id_product) REFERENCES "Product" (id_product) ON DELETE CASCADE, 
	FOREIGN KEY(id_profile) REFERENCES "Profile" (id_profile) ON DELETE CASCADE
)


2025-06-06 08:18:24,090 INFO [no key 0.00013s] {}
2025-06-06 08:18:24,092 INFO 
CREATE TABLE "Order_processor" (
	id_order_proc SERIAL NOT NULL, 
	id_order INTEGER NOT NULL, 
	date_created TIMESTAMP WITHOUT TIME ZONE DEFAULT TIMEZONE('utc', now()) NOT NULL, 
	date_update TIMESTAMP WITHOUT TIME ZONE DEFAULT TIMEZONE('utc', now()) NOT NULL, 
	price INTEGER NOT NULL, 
	date_delivery INTEGER NOT NULL, 
	count INTEGER NOT NULL, 
	status VARCHAR(50) NOT NULL, 
	comment VARCHAR(350) NOT NULL, 
	shipping_cost INTEGER NOT NULL, 
	adress VARCHAR(50) NOT NULL, 
	organization VARCHAR(50), 
	PRIMARY KEY (id_order_proc), 
	FOREIGN KEY(id_order) REFERENCES "Order" (id_order)
)


2025-06-06 08:18:24,092 INFO [no key 0.00009s] {}
2025-06-06 08:18:24,094 INFO COMMIT
2025-06-06 08:18:24,096 INFO BEGIN (implicit)
2025-06-06 08:18:24,096 INFO INSERT INTO "Action" (action, discount) SELECT p0::VARCHAR, p1::INTEGER FROM (VALUES (%(action__0)s::VARCHAR, %(discount__0)s::INTEGER, 0), (%(action__1)s::VARCHAR, %(discount__1)s::INTEGER, 1)) AS imp_sen(p0, p1, sen_counter) ORDER BY sen_counter RETURNING "Action".id_action, "Action".id_action AS id_action__1
2025-06-06 08:18:24,096 INFO [cached since 0.1903s ago (insertmanyvalues) 1/1 (ordered)] {'discount__0': 0, 'action__0': 'нет акции', 'discount__1': 20, 'action__1': 'распродажа'}
2025-06-06 08:18:24,097 INFO INSERT INTO "Categories" (name_categories, id_parent) SELECT p0::VARCHAR, p1::INTEGER FROM (VALUES (%(name_categories__0)s::VARCHAR, %(id_parent__0)s::INTEGER, 0), (%(name_categories__1)s::VARCHAR, %(id_parent__1)s::INTEGER, 1)) AS imp_sen(p0, p1, sen_counter) ORDER BY sen_counter RETURNING "Categories".id_categories, "Categories".id_categories AS id_categories__1
2025-06-06 08:18:24,097 INFO [cached since 0.1892s ago (insertmanyvalues) 1/1 (ordered)] {'id_parent__0': None, 'name_categories__0': 'электротехника', 'id_parent__1': None, 'name_categories__1': 'мебель'}
2025-06-06 08:18:24,097 INFO INSERT INTO "Profile" (mail, phone, name, password, birthday, gender, bonus) VALUES (%(mail)s::VARCHAR, %(phone)s::VARCHAR, %(name)s::VARCHAR, %(password)s::VARCHAR, %(birthday)s::VARCHAR, %(gender)s::VARCHAR, %(bonus)s::INTEGER) RETURNING "Profile".id_profile, "Profile".date_created, "Profile".date_update
2025-06-06 08:18:24,097 INFO [cached since 0.189s ago] {'mail': 'gena335@gmail.coms', 'phone': '+375252185522', 'name': 'Генадий', 'password': '37891', 'birthday': None, 'gender': None, 'bonus': 0}
2025-06-06 08:18:24,098 INFO COMMIT
2025-06-06 08:18:24,098 INFO BEGIN (implicit)
2025-06-06 08:18:24,099 INFO INSERT INTO "Product" (action_id, categories_id, name_product, brand, price, quantity_in_stock, rating, status, img) SELECT p0::INTEGER, p1::INTEGER, p2::VARCHAR, p3::VARCHAR, p4::INTEGER, p5::INTEGER, p6::INTEGER, p7::VARCHAR, p8::VARCHAR FROM (VALU ... 829 characters truncated ... ct".id_product, "Product".date_created, "Product".date_update, "Product".id_product AS id_product__1
2025-06-06 08:18:24,099 INFO [cached since 0.1888s ago (insertmanyvalues) 1/1 (ordered)] {'action_id__0': 1, 'status__0': 'статус', 'brand__0': 'Bosh', 'img__0': 'https://encrypted-tbn0.gstatic.com/shopping?q=tbn:ANd9GcS2Q0pNt-TXHzKJLkr3nTMFsX8LPpC7UIX9SCUDT4JJcSgp3kVuWyW36nvJUwmlq7fDB9HATY0ewXIewsn_oWTva6enJSF7Goa-wyS468AlauEfrpxFN-4Q4NmnYrn-Pw&usqp=CAc', 'rating__0': 0, 'quantity_in_stock__0': 0, 'price__0': 100, 'name_product__0': 'чайник', 'categories_id__0': 1, 'action_id__1': 1, 'status__1': 'статус', 'brand__1': 'Sony', 'img__1': 'https://encrypted-tbn3.gstatic.com/shopping?q=tbn:ANd9GcRT03OcqQBmznYxDX4YmpJtD4hZL9mDi9oQdS0KCLR4iGQyJ90uaOydTfRNtdLPRzI5sSUghZ7sPuKuHtd6szkVZjpKdrnQn5gCKUUtTKg2suXoOpEJ2kKSHLsBaYbCFfAatd30wJY&usqp=CAc', 'rating__1': 0, 'quantity_in_stock__1': 0, 'price__1': 2499, 'name_product__1': 'телевизор', 'categories_id__1': 1, 'action_id__2': 2, 'status__2': 'статус', 'brand__2': 'Амимебель', 'img__2': 'https://encrypted-tbn3.gstatic.com/shopping?q=tbn:ANd9GcRbm8eZaYugrvnCJ473vlxXfZcqim_TvlnGxw_h93dSNUbUldrc5EVbSc3Nv3Tt7v-FyoN5z02SAy8p_VZBGi7WSiT3eeZSreXWuAXVaGUTZbhB07tw_PARd1kkQCW3-MZ7FN4ZnhV6jxk&usqp=CAc', 'rating__2': 0, 'quantity_in_stock__2': 0, 'price__2': 2799, 'name_product__2': 'диван', 'categories_id__2': 2}
2025-06-06 08:18:24,099 INFO COMMIT
2025-06-06 08:18:24,100 INFO BEGIN (implicit)
2025-06-06 08:18:24,100 INFO INSERT INTO "Reviews" (profile_id, product_id, reviews, "like", dislike) SELECT p0::INTEGER, p1::INTEGER, p2::VARCHAR, p3::INTEGER, p4::INTEGER FROM (VALUES (%(profile_id__0)s::INTEGER, %(product_id__0)s::INTEGER, %(reviews__0)s::VARCHAR, %(like__0)s ... 387 characters truncated ... ws".id_reviews, "Reviews".date_created, "Reviews".date_update, "Reviews".id_reviews AS id_reviews__1
2025-06-06 08:18:24,100 INFO [cached since 0.1881s ago (insertmanyvalues) 1/1 (ordered)] {'product_id__0': 1, 'profile_id__0': 1, 'reviews__0': 'плохой товар!!(((', 'like__0': 0, 'dislike__0': 0, 'product_id__1': 2, 'profile_id__1': 1, 'reviews__1': 'чайник??', 'like__1': 0, 'dislike__1': 0, 'product_id__2': 2, 'profile_id__2': 1, 'reviews__2': 'ладно ок', 'like__2': 0, 'dislike__2': 0}
2025-06-06 08:18:24,101 INFO COMMIT
